// Jest Snapshot v1, https://goo.gl/fbAQLP

exports[`Pruebas en FirstApp Debe de hacer match con el snapshot 2 1`] = `
<div>
  <h1
    data-testid="test-title"
  >
    Hola Soy Goku
  </h1>
  <p>
    No hay nigun sub título
  </p>
  <p>
    No hay nigun sub título
  </p>
  <p>
    Jhoan Jimenez
  </p>
</div>
`;
